------------------------------------------------------------
Timing Analyzer Summary
------------------------------------------------------------

Type  : Slow 1200mV 85C Model Setup 'KEY[2]'
Slack : -3.702
TNS   : -104.326

Type  : Slow 1200mV 85C Model Setup 'CLOCK_50'
Slack : -3.528
TNS   : -111.294

Type  : Slow 1200mV 85C Model Hold 'CLOCK_50'
Slack : 0.386
TNS   : 0.000

Type  : Slow 1200mV 85C Model Hold 'KEY[2]'
Slack : 0.440
TNS   : 0.000

Type  : Slow 1200mV 85C Model Minimum Pulse Width 'KEY[2]'
Slack : -3.000
TNS   : -57.585

Type  : Slow 1200mV 85C Model Minimum Pulse Width 'CLOCK_50'
Slack : -3.000
TNS   : -49.506

Type  : Slow 1200mV 0C Model Setup 'KEY[2]'
Slack : -3.265
TNS   : -91.795

Type  : Slow 1200mV 0C Model Setup 'CLOCK_50'
Slack : -3.194
TNS   : -99.422

Type  : Slow 1200mV 0C Model Hold 'CLOCK_50'
Slack : 0.340
TNS   : 0.000

Type  : Slow 1200mV 0C Model Hold 'KEY[2]'
Slack : 0.387
TNS   : 0.000

Type  : Slow 1200mV 0C Model Minimum Pulse Width 'KEY[2]'
Slack : -3.000
TNS   : -57.365

Type  : Slow 1200mV 0C Model Minimum Pulse Width 'CLOCK_50'
Slack : -3.000
TNS   : -49.418

Type  : Fast 1200mV 0C Model Setup 'KEY[2]'
Slack : -1.335
TNS   : -31.907

Type  : Fast 1200mV 0C Model Setup 'CLOCK_50'
Slack : -1.242
TNS   : -37.072

Type  : Fast 1200mV 0C Model Hold 'CLOCK_50'
Slack : 0.169
TNS   : 0.000

Type  : Fast 1200mV 0C Model Hold 'KEY[2]'
Slack : 0.199
TNS   : 0.000

Type  : Fast 1200mV 0C Model Minimum Pulse Width 'KEY[2]'
Slack : -3.000
TNS   : -56.371

Type  : Fast 1200mV 0C Model Minimum Pulse Width 'CLOCK_50'
Slack : -3.000
TNS   : -48.663

------------------------------------------------------------
